[print-pro.store/printer/index.html]
[backblue.gif]
[fade.gif]
[index.html]
[cdnjs.cloudflare.com/ajax/libs/font-awesome/6.4.2/css/all.min.css]
[upload.wikimedia.org/wikipedia/commons/thumb/a/ad/HP_logo_2012.svg/1200px-HP_logo_2012.svg.png]
[print-pro.store/printer/hp.html]
[upload.wikimedia.org/wikipedia/commons/3/3f/Canon_logo_vector.png]
[print-pro.store/printer/canon.html]
[upload.wikimedia.org/wikipedia/commons/thumb/5/59/Epson_logo.svg/1280px-Epson_logo.svg.png]
[print-pro.store/printer/epson.html]
[print-pro.store/printer/brother.html]
[images.squarespace-cdn.com/content/v1/66a9078e84a6b71f9551152f/8e526ac0-7a64-4af9-b934-b35539f146ef/OTHER-Wordmark-Black-RGB.png]
[print-pro.store/printer/other.html]
[123.hp.com/resources/printer_images/DJ2620/290x245.png]
[print-pro.store/printer/index.html]
[cdnjs.cloudflare.com/ajax/libs/font-awesome/6.4.2/css/all.min.css]
[print-pro.store/printer/loading.html]
[123.hp.com/resources/assets/img/printer_icon_gray.png]
[123.hp.com/resources/assets/img/app_store/android/en.png]
[print-pro.store/printer/hp.html]
[print-pro.store/printer/canon.html]
[print-pro.store/printer/epson.html]
[i0.wp.com/www.alphr.com/wp-content/uploads/2022/06/What-Is-the-Default-Password-for-Brother-Printerd62c.png]
[print-pro.store/printer/brother.html]
[static.vecteezy.com/system/resources/thumbnails/045/617/975/small/a-white-printer-with-a-black-handle-and-a-white-paper-tray-png.png]
[print-pro.store/printer/other.html]
[bluechipitservices.com/public/services/service-printer-setup.12.delayed]
[print-pro.store/printer/error.html]
[print-pro.store/printer/loading.html]
[bluechipitservices.com/public/services/service-printer-setup.html]
[www.nicepng.com/png/detail/135-1358116_error-png.png]
[print-pro.store/printer/Err.png]
[print-pro.store/printer/error.html]
[www.hp.com/us-en/shop/app/assets/images/uploads/prod/how-to-update-printer-settings-for-highest-quality-printing-hero1561055275517343.jpg]
